Testing Deterministic Generation (Node Sync Check)...
SUCCESS: Generation is deterministic.

Sample Content (Page 1):
Whomsoever sinisterly gamble concubinal glyphography. Whilk inchmeal baffle high-handed illuminator. Disdainous supralapsary coelentera; coelenterata segregate where. Inane dup actinophorous gob. Whatever sum tiger-foot stope; stopen penfold. Whatsoe'er benefit peruvian toddler insculptured ewe-necked cashoo. Quarter-deck disentrance exosseous agamogenesis. Whatso officiate phalansterian peerweet attaint gorgon eghen. We re-ally cisleithan castle-guard interfolded appointive comber. Himselve poi...

SUCCESS: Different coordinates produce different content.
